
Usuario@DESKTOP-TL4F74D MINGW64 ~
$ cd c:

Usuario@DESKTOP-TL4F74D MINGW64 /c
$ ls
'$GetCurrent'/   'Nueva carpeta'/         Ruby24-x64/
'$RECYCLE.BIN'/   pablo/                  swapfile.sys
'$WINDOWS.~BT'/   pagefile.sys            SWSetup/
 curso_ruby/      PerfLogs/              'System Volume Information'/
 escw_103_sa/     pmg_2018/               SYSTEM.SAV/
 hiberfil.sys     PostgreSQL/             Users/
 hp/             'Program Files'/         varios/
 IDE/            'Program Files (x86)'/   Windows/
 inetpub/         ProgramData/            Windows.old/
 Intel/           rai/                    Windows10Upgrade/
 MSOCache/        Recovery/

Usuario@DESKTOP-TL4F74D MINGW64 /c
$ mkdir pablo_final

Usuario@DESKTOP-TL4F74D MINGW64 /c
$ cd pablo_final

Usuario@DESKTOP-TL4F74D MINGW64 /c/pablo_final
$ git remote origin https://github.com/pabloveramagna/pablo_final
fatal: not a git repository (or any of the parent directories): .git

Usuario@DESKTOP-TL4F74D MINGW64 /c/pablo_final
$ .git
bash: .git: command not found

Usuario@DESKTOP-TL4F74D MINGW64 /c/pablo_final
$ rails new prueba_1
      create
      create  README.md
      create  Rakefile
      create  .ruby-version
      create  config.ru
      create  .gitignore
      create  Gemfile
         run  git init from "."
Initialized empty Git repository in C:/pablo_final/prueba_1/.git/
      create  package.json
      create  app
      create  app/assets/config/manifest.js
      create  app/assets/javascripts/application.js
      create  app/assets/javascripts/cable.js
      create  app/assets/stylesheets/application.css
      create  app/channels/application_cable/channel.rb
      create  app/channels/application_cable/connection.rb
      create  app/controllers/application_controller.rb
      create  app/helpers/application_helper.rb
      create  app/jobs/application_job.rb
      create  app/mailers/application_mailer.rb
      create  app/models/application_record.rb
      create  app/views/layouts/application.html.erb
      create  app/views/layouts/mailer.html.erb
      create  app/views/layouts/mailer.text.erb
      create  app/assets/images/.keep
      create  app/assets/javascripts/channels
      create  app/assets/javascripts/channels/.keep
      create  app/controllers/concerns/.keep
      create  app/models/concerns/.keep
      create  bin
      create  bin/bundle
      create  bin/rails
      create  bin/rake
      create  bin/setup
      create  bin/update
      create  bin/yarn
      create  config
      create  config/routes.rb
      create  config/application.rb
      create  config/environment.rb
      create  config/cable.yml
      create  config/puma.rb
      create  config/storage.yml
      create  config/environments
      create  config/environments/development.rb
      create  config/environments/production.rb
      create  config/environments/test.rb
      create  config/initializers
      create  config/initializers/application_controller_renderer.rb
      create  config/initializers/assets.rb
      create  config/initializers/backtrace_silencers.rb
      create  config/initializers/content_security_policy.rb
      create  config/initializers/cookies_serializer.rb
      create  config/initializers/cors.rb
      create  config/initializers/filter_parameter_logging.rb
      create  config/initializers/inflections.rb
      create  config/initializers/mime_types.rb
      create  config/initializers/new_framework_defaults_5_2.rb
      create  config/initializers/wrap_parameters.rb
      create  config/locales
      create  config/locales/en.yml
      create  config/master.key
      append  .gitignore
      create  config/boot.rb
      create  config/database.yml
      create  db
      create  db/seeds.rb
      create  lib
      create  lib/tasks
      create  lib/tasks/.keep
      create  lib/assets
      create  lib/assets/.keep
      create  log
      create  log/.keep
      create  public
      create  public/404.html
      create  public/422.html
      create  public/500.html
      create  public/apple-touch-icon-precomposed.png
      create  public/apple-touch-icon.png
      create  public/favicon.ico
      create  public/robots.txt
      create  tmp
      create  tmp/.keep
      create  tmp/cache
      create  tmp/cache/assets
      create  vendor
      create  vendor/.keep
      create  test/fixtures
      create  test/fixtures/.keep
      create  test/fixtures/files
      create  test/fixtures/files/.keep
      create  test/controllers
      create  test/controllers/.keep
      create  test/mailers
      create  test/mailers/.keep
      create  test/models
      create  test/models/.keep
      create  test/helpers
      create  test/helpers/.keep
      create  test/integration
      create  test/integration/.keep
      create  test/test_helper.rb
      create  test/system
      create  test/system/.keep
      create  test/application_system_test_case.rb
      create  storage
      create  storage/.keep
      create  tmp/storage
      create  tmp/storage/.keep
      remove  config/initializers/cors.rb
      remove  config/initializers/new_framework_defaults_5_2.rb
         run  bundle install
Fetching gem metadata from https://rubygems.org/...........
Fetching gem metadata from https://rubygems.org/..
Resolving dependencies....
Using rake 12.3.1
Using concurrent-ruby 1.0.5
Using i18n 1.1.0
Using minitest 5.11.3
Using thread_safe 0.3.6
Using tzinfo 1.2.5
Using activesupport 5.2.1
Using builder 3.2.3
Using erubi 1.7.1
Using mini_portile2 2.3.0
Using nokogiri 1.8.4 (x64-mingw32)
Using rails-dom-testing 2.0.3
Using crass 1.0.4
Using loofah 2.2.2
Using rails-html-sanitizer 1.0.4
Using actionview 5.2.1
Using rack 2.0.5
Using rack-test 1.1.0
Using actionpack 5.2.1
Using nio4r 2.3.1
Using websocket-extensions 0.1.3
Using websocket-driver 0.7.0
Using actioncable 5.2.1
Using globalid 0.4.1
Using activejob 5.2.1
Using mini_mime 1.0.1
Using mail 2.7.0
Using actionmailer 5.2.1
Using activemodel 5.2.1
Using arel 9.0.0
Using activerecord 5.2.1
Using mimemagic 0.3.2
Using marcel 0.3.2
Using activestorage 5.2.1
Using public_suffix 3.0.3
Using addressable 2.5.2
Using io-like 0.3.0
Using archive-zip 0.11.0
Using bindex 0.5.0
Using msgpack 1.2.4 (x64-mingw32)
Fetching bootsnap 1.3.2
Installing bootsnap 1.3.2 with native extensions
Using bundler 1.16.4
Using byebug 10.0.2
Using xpath 3.1.0
Fetching capybara 3.7.1
Installing capybara 3.7.1
Using ffi 1.9.25 (x64-mingw32)
Using childprocess 0.9.0
Using chromedriver-helper 1.2.0
Using coffee-script-source 1.12.2
Using execjs 2.7.0
Using coffee-script 2.4.1
Using method_source 0.9.0
Using thor 0.20.0
Using railties 5.2.1
Using coffee-rails 4.2.2
Using duktape 2.0.1.0
Using multi_json 1.13.1
Using jbuilder 2.7.0
Using puma 3.12.0
Using sprockets 3.7.2
Using sprockets-rails 3.2.1
Using rails 5.2.1
Using rb-fsevent 0.10.3
Using rb-inotify 0.9.10
Fetching rubyzip 1.2.2
Installing rubyzip 1.2.2
Using sass-listen 4.0.0
Using sass 3.5.7
Using tilt 2.0.8
Using sass-rails 5.0.7
Using selenium-webdriver 3.14.0
Using sqlite3 1.3.13 (x64-mingw32)
Using turbolinks-source 5.2.0
Using turbolinks 5.2.0
Using tzinfo-data 1.2018.5
Using uglifier 4.1.18
Fetching web-console 3.7.0
Installing web-console 3.7.0
Bundle complete! 16 Gemfile dependencies, 76 gems now installed.
Use `bundle info [gemname]` to see where a bundled gem is installed.

Usuario@DESKTOP-TL4F74D MINGW64 /c/pablo_final
$ git init
Initialized empty Git repository in C:/pablo_final/.git/

Usuario@DESKTOP-TL4F74D MINGW64 /c/pablo_final (master)
$ ^C

Usuario@DESKTOP-TL4F74D MINGW64 /c/pablo_final (master)
$
